Copyright 1986-2021 Xilinx, Inc. All Rights Reserved.
------------------------------------------------------------------------------------------
| Tool Version : Vivado v.2021.2 (win64) Build 3367213 Tue Oct 19 02:48:09 MDT 2021
| Date         : Mon Mar 25 11:40:08 2024
| Host         : cseelab836 running 64-bit major release  (build 9200)
| Command      : report_control_sets -verbose -file CE869_CPU_SYS_control_sets_placed.rpt
| Design       : CE869_CPU_SYS
| Device       : xc7a35t
------------------------------------------------------------------------------------------

Control Set Information

Table of Contents
-----------------
1. Summary
2. Histogram
3. Flip-Flop Distribution
4. Detailed Control Set Information

1. Summary
----------

+----------------------------------------------------------+-------+
|                          Status                          | Count |
+----------------------------------------------------------+-------+
| Total control sets                                       |    10 |
|    Minimum number of control sets                        |    10 |
|    Addition due to synthesis replication                 |     0 |
|    Addition due to physical synthesis replication        |     0 |
| Unused register locations in slices containing registers |    34 |
+----------------------------------------------------------+-------+
* Control sets can be merged at opt_design using control_set_merge or merge_equivalent_drivers
** Run report_qor_suggestions for automated merging and remapping suggestions


2. Histogram
------------

+--------------------+-------+
|       Fanout       | Count |
+--------------------+-------+
| Total control sets |    10 |
| >= 0 to < 4        |     0 |
| >= 4 to < 6        |     5 |
| >= 6 to < 8        |     1 |
| >= 8 to < 10       |     1 |
| >= 10 to < 12      |     0 |
| >= 12 to < 14      |     0 |
| >= 14 to < 16      |     0 |
| >= 16              |     3 |
+--------------------+-------+
* Control sets can be remapped at either synth_design or opt_design


3. Flip-Flop Distribution
-------------------------

+--------------+-----------------------+------------------------+-----------------+--------------+
| Clock Enable | Synchronous Set/Reset | Asynchronous Set/Reset | Total Registers | Total Slices |
+--------------+-----------------------+------------------------+-----------------+--------------+
| No           | No                    | No                     |              28 |           13 |
| No           | No                    | Yes                    |               0 |            0 |
| No           | Yes                   | No                     |              40 |           10 |
| Yes          | No                    | No                     |               9 |            5 |
| Yes          | No                    | Yes                    |               0 |            0 |
| Yes          | Yes                   | No                     |               9 |            5 |
+--------------+-----------------------+------------------------+-----------------+--------------+


4. Detailed Control Set Information
-----------------------------------

+------------------------------------------+----------------------------------------------------+------------------------------------------+------------------+----------------+--------------+
|               Clock Signal               |                    Enable Signal                   |             Set/Reset Signal             | Slice Load Count | Bel Load Count | Bels / Slice |
+------------------------------------------+----------------------------------------------------+------------------------------------------+------------------+----------------+--------------+
|  cpu_instance/contorl_unit_instance/E[0] |                                                    |                                          |                2 |              4 |         2.00 |
|  clk_IBUF_BUFG                           |                                                    | cpu_instance/contorl_unit_instance/SR[0] |                1 |              4 |         4.00 |
|  clk_IBUF_BUFG                           | cpu_instance/contorl_unit_instance/PCLoad_reg_0[0] |                                          |                1 |              4 |         4.00 |
|  freq_div/ck                             |                                                    | svn_sgmnt_drv_instance/state_reg_n_0_[1] |                1 |              4 |         4.00 |
|  clk_IBUF_BUFG                           | cpu_instance/contorl_unit_instance/IRLoad_reg_0[0] |                                          |                4 |              5 |         1.25 |
|  freq_div/ck                             |                                                    |                                          |                1 |              6 |         6.00 |
|  clk_IBUF_BUFG                           | cpu_instance/contorl_unit_instance/RBE_i_2_n_0     | cpu_instance/contorl_unit_instance/ZE    |                5 |              9 |         1.80 |
|  clk_IBUF_BUFG                           |                                                    |                                          |               10 |             18 |         1.80 |
|  clk_IBUF_BUFG                           |                                                    | freq_div/clear                           |                8 |             32 |         4.00 |
|  clk_IBUF_BUFG                           | cpu_instance/contorl_unit_instance/WE              |                                          |                6 |             48 |         8.00 |
+------------------------------------------+----------------------------------------------------+------------------------------------------+------------------+----------------+--------------+


